FLEXPART.o netcdf_output_mod.o	chemistry_mod.o totals_mod.o		initdomain_mod.o receptor_netcdf_mod.o	emissions_mod.o  coord_ecmwf_mod.o 
gfortran -c -I/apps/hdf5/1.12.2/include -I/apps/eccodes/2.34.1/include -I/apps/netcdf/4.7.3/include -O3  -m64 -cpp -mcmodel=large -DUSE_NCF -lnetcdff -DETA -g -fopenmp -march=native -mtune=native   par_mod.f90
gfortran -c -I/apps/hdf5/1.12.2/include -I/apps/eccodes/2.34.1/include -I/apps/netcdf/4.7.3/include -O3  -m64 -cpp -mcmodel=large -DUSE_NCF -lnetcdff -DETA -g -fopenmp -march=native -mtune=native   class_gribfile_mod.f90
gfortran -c -I/apps/hdf5/1.12.2/include -I/apps/eccodes/2.34.1/include -I/apps/netcdf/4.7.3/include -O3  -m64 -cpp -mcmodel=large -DUSE_NCF -lnetcdff -DETA -g -fopenmp -march=native -mtune=native   qvsat_mod.f90
gfortran -c -I/apps/hdf5/1.12.2/include -I/apps/eccodes/2.34.1/include -I/apps/netcdf/4.7.3/include -O3  -m64 -cpp -mcmodel=large -DUSE_NCF -lnetcdff -DETA -g -fopenmp -march=native -mtune=native   random_mod.f90
gfortran -c -I/apps/hdf5/1.12.2/include -I/apps/eccodes/2.34.1/include -I/apps/netcdf/4.7.3/include -O3  -m64 -cpp -mcmodel=large -DUSE_NCF -lnetcdff -DETA -g -fopenmp -march=native -mtune=native   xmass_mod.f90
Why, yes
Added Gitversion: 1d2beef Tue Nov 12 16:14:37 2024 +0100
Old Gitversion: 1d2beef HEAD -> master, origin/master, origin/HEAD Tue Nov 12 16:14:37 2024 +0100
sed -i '0,/gitversion_tmp/s;gitversion_tmp.*;gitversion_tmp="1d2beef Tue Nov 12 16:14:37 2024 +0100";' FLEXPART.f90
gfortran -c -I/apps/hdf5/1.12.2/include -I/apps/eccodes/2.34.1/include -I/apps/netcdf/4.7.3/include -O3  -m64 -cpp -mcmodel=large -DUSE_NCF -lnetcdff -DETA -g -fopenmp -march=native -mtune=native   cmapf_mod.f90
gfortran -c -I/apps/hdf5/1.12.2/include -I/apps/eccodes/2.34.1/include -I/apps/netcdf/4.7.3/include -O3  -m64 -cpp -mcmodel=large -DUSE_NCF -lnetcdff -DETA -g -fopenmp -march=native -mtune=native   com_mod.f90
gfortran -c -I/apps/hdf5/1.12.2/include -I/apps/eccodes/2.34.1/include -I/apps/netcdf/4.7.3/include -O3  -m64 -cpp -mcmodel=large -DUSE_NCF -lnetcdff -DETA -g -fopenmp -march=native -mtune=native   date_mod.f90
gfortran -c -I/apps/hdf5/1.12.2/include -I/apps/eccodes/2.34.1/include -I/apps/netcdf/4.7.3/include -O3  -m64 -cpp -mcmodel=large -DUSE_NCF -lnetcdff -DETA -g -fopenmp -march=native -mtune=native   pbl_profile_mod.f90
gfortran -c -I/apps/hdf5/1.12.2/include -I/apps/eccodes/2.34.1/include -I/apps/netcdf/4.7.3/include -O3  -m64 -cpp -mcmodel=large -DUSE_NCF -lnetcdff -DETA -g -fopenmp -march=native -mtune=native   erf_mod.f90
gfortran -c -I/apps/hdf5/1.12.2/include -I/apps/eccodes/2.34.1/include -I/apps/netcdf/4.7.3/include -O3  -m64 -cpp -mcmodel=large -DUSE_NCF -lnetcdff -DETA -g -fopenmp -march=native -mtune=native   mean_mod.f90
gfortran -c -I/apps/hdf5/1.12.2/include -I/apps/eccodes/2.34.1/include -I/apps/netcdf/4.7.3/include -O3  -m64 -cpp -mcmodel=large -DUSE_NCF -lnetcdff -DETA -g -fopenmp -march=native -mtune=native   sort_mod.f90
gfortran -c -I/apps/hdf5/1.12.2/include -I/apps/eccodes/2.34.1/include -I/apps/netcdf/4.7.3/include -O3  -m64 -cpp -mcmodel=large -DUSE_NCF -lnetcdff -DETA -g -fopenmp -march=native -mtune=native   point_mod.f90
gfortran -c -I/apps/hdf5/1.12.2/include -I/apps/eccodes/2.34.1/include -I/apps/netcdf/4.7.3/include -O3  -m64 -cpp -mcmodel=large -DUSE_NCF -lnetcdff -DETA -g -fopenmp -march=native -mtune=native   particle_mod.f90
gfortran -c -I/apps/hdf5/1.12.2/include -I/apps/eccodes/2.34.1/include -I/apps/netcdf/4.7.3/include -O3  -m64 -cpp -mcmodel=large -DUSE_NCF -lnetcdff -DETA -g -fopenmp -march=native -mtune=native   cbl_mod.f90
gfortran -c -I/apps/hdf5/1.12.2/include -I/apps/eccodes/2.34.1/include -I/apps/netcdf/4.7.3/include -O3  -m64 -cpp -mcmodel=large -DUSE_NCF -lnetcdff -DETA -g -fopenmp -march=native -mtune=native   unc_mod.f90
gfortran -c -I/apps/hdf5/1.12.2/include -I/apps/eccodes/2.34.1/include -I/apps/netcdf/4.7.3/include -O3  -m64 -cpp -mcmodel=large -DUSE_NCF -lnetcdff -DETA -g -fopenmp -march=native -mtune=native   turbulence_mod.f90
gfortran -c -I/apps/hdf5/1.12.2/include -I/apps/eccodes/2.34.1/include -I/apps/netcdf/4.7.3/include -O3  -m64 -cpp -mcmodel=large -DUSE_NCF -lnetcdff -DETA -g -fopenmp -march=native -mtune=native   windfields_mod.f90
gfortran -c -I/apps/hdf5/1.12.2/include -I/apps/eccodes/2.34.1/include -I/apps/netcdf/4.7.3/include -O3  -m64 -cpp -mcmodel=large -DUSE_NCF -lnetcdff -DETA -g -fopenmp -march=native -mtune=native   interpol_mod.f90
gfortran -c -I/apps/hdf5/1.12.2/include -I/apps/eccodes/2.34.1/include -I/apps/netcdf/4.7.3/include -O3  -m64 -cpp -mcmodel=large -DUSE_NCF -lnetcdff -DETA -g -fopenmp -march=native -mtune=native   settling_mod.f90
gfortran -c -I/apps/hdf5/1.12.2/include -I/apps/eccodes/2.34.1/include -I/apps/netcdf/4.7.3/include -O3  -m64 -cpp -mcmodel=large -DUSE_NCF -lnetcdff -DETA -g -fopenmp -march=native -mtune=native   verttransform_mod.f90
gfortran -c -I/apps/hdf5/1.12.2/include -I/apps/eccodes/2.34.1/include -I/apps/netcdf/4.7.3/include -O3  -m64 -cpp -mcmodel=large -DUSE_NCF -lnetcdff -DETA -g -fopenmp -march=native -mtune=native   coord_ecmwf_mod.f90
gfortran -c -I/apps/hdf5/1.12.2/include -I/apps/eccodes/2.34.1/include -I/apps/netcdf/4.7.3/include -O3  -m64 -cpp -mcmodel=large -DUSE_NCF -lnetcdff -DETA -g -fopenmp -march=native -mtune=native   drydepo_mod.f90
gfortran -c -I/apps/hdf5/1.12.2/include -I/apps/eccodes/2.34.1/include -I/apps/netcdf/4.7.3/include -O3  -m64 -cpp -mcmodel=large -DUSE_NCF -lnetcdff -DETA -g -fopenmp -march=native -mtune=native   outgrid_mod.f90
gfortran -c -I/apps/hdf5/1.12.2/include -I/apps/eccodes/2.34.1/include -I/apps/netcdf/4.7.3/include -O3  -m64 -cpp -mcmodel=large -DUSE_NCF -lnetcdff -DETA -g -fopenmp -march=native -mtune=native   wetdepo_mod.f90
gfortran -c -I/apps/hdf5/1.12.2/include -I/apps/eccodes/2.34.1/include -I/apps/netcdf/4.7.3/include -O3  -m64 -cpp -mcmodel=large -DUSE_NCF -lnetcdff -DETA -g -fopenmp -march=native -mtune=native   plume_mod.f90
gfortran -c -I/apps/hdf5/1.12.2/include -I/apps/eccodes/2.34.1/include -I/apps/netcdf/4.7.3/include -O3  -m64 -cpp -mcmodel=large -DUSE_NCF -lnetcdff -DETA -g -fopenmp -march=native -mtune=native   advance_mod.f90
gfortran -c -I/apps/hdf5/1.12.2/include -I/apps/eccodes/2.34.1/include -I/apps/netcdf/4.7.3/include -O3  -m64 -cpp -mcmodel=large -DUSE_NCF -lnetcdff -DETA -g -fopenmp -march=native -mtune=native   readoptions_mod.f90
gfortran -c -I/apps/hdf5/1.12.2/include -I/apps/eccodes/2.34.1/include -I/apps/netcdf/4.7.3/include -O3  -m64 -cpp -mcmodel=large -DUSE_NCF -lnetcdff -DETA -g -fopenmp -march=native -mtune=native   binary_output_mod.f90
gfortran -c -I/apps/hdf5/1.12.2/include -I/apps/eccodes/2.34.1/include -I/apps/netcdf/4.7.3/include -O3  -m64 -cpp -mcmodel=large -DUSE_NCF -lnetcdff -DETA -g -fopenmp -march=native -mtune=native   flux_mod.f90
gfortran -c -I/apps/hdf5/1.12.2/include -I/apps/eccodes/2.34.1/include -I/apps/netcdf/4.7.3/include -O3  -m64 -cpp -mcmodel=large -DUSE_NCF -lnetcdff -DETA -g -fopenmp -march=native -mtune=native   txt_output_mod.f90
gfortran -c -I/apps/hdf5/1.12.2/include -I/apps/eccodes/2.34.1/include -I/apps/netcdf/4.7.3/include -O3  -m64 -cpp -mcmodel=large -DUSE_NCF -lnetcdff -DETA -g -fopenmp -march=native -mtune=native   getfields_mod.f90
gfortran -c -I/apps/hdf5/1.12.2/include -I/apps/eccodes/2.34.1/include -I/apps/netcdf/4.7.3/include -O3  -m64 -cpp -mcmodel=large -DUSE_NCF -lnetcdff -DETA -g -fopenmp -march=native -mtune=native   conv_mod.f90
gfortran -c -I/apps/hdf5/1.12.2/include -I/apps/eccodes/2.34.1/include -I/apps/netcdf/4.7.3/include -O3  -m64 -cpp -mcmodel=large -DUSE_NCF -lnetcdff -DETA -g -fopenmp -march=native -mtune=native   netcdf_output_mod.f90
gfortran -c -I/apps/hdf5/1.12.2/include -I/apps/eccodes/2.34.1/include -I/apps/netcdf/4.7.3/include -O3  -m64 -cpp -mcmodel=large -DUSE_NCF -lnetcdff -DETA -g -fopenmp -march=native -mtune=native   output_mod.f90
gfortran -c -I/apps/hdf5/1.12.2/include -I/apps/eccodes/2.34.1/include -I/apps/netcdf/4.7.3/include -O3  -m64 -cpp -mcmodel=large -DUSE_NCF -lnetcdff -DETA -g -fopenmp -march=native -mtune=native   restart_mod.f90
gfortran -c -I/apps/hdf5/1.12.2/include -I/apps/eccodes/2.34.1/include -I/apps/netcdf/4.7.3/include -O3  -m64 -cpp -mcmodel=large -DUSE_NCF -lnetcdff -DETA -g -fopenmp -march=native -mtune=native   totals_mod.f90
gfortran -c -I/apps/hdf5/1.12.2/include -I/apps/eccodes/2.34.1/include -I/apps/netcdf/4.7.3/include -O3  -m64 -cpp -mcmodel=large -DUSE_NCF -lnetcdff -DETA -g -fopenmp -march=native -mtune=native   receptor_netcdf_mod.f90
gfortran -c -I/apps/hdf5/1.12.2/include -I/apps/eccodes/2.34.1/include -I/apps/netcdf/4.7.3/include -O3  -m64 -cpp -mcmodel=large -DUSE_NCF -lnetcdff -DETA -g -fopenmp -march=native -mtune=native   chemistry_mod.f90
gfortran -c -I/apps/hdf5/1.12.2/include -I/apps/eccodes/2.34.1/include -I/apps/netcdf/4.7.3/include -O3  -m64 -cpp -mcmodel=large -DUSE_NCF -lnetcdff -DETA -g -fopenmp -march=native -mtune=native   emissions_mod.f90
gfortran -c -I/apps/hdf5/1.12.2/include -I/apps/eccodes/2.34.1/include -I/apps/netcdf/4.7.3/include -O3  -m64 -cpp -mcmodel=large -DUSE_NCF -lnetcdff -DETA -g -fopenmp -march=native -mtune=native   receptor_mod.f90
gfortran -c -I/apps/hdf5/1.12.2/include -I/apps/eccodes/2.34.1/include -I/apps/netcdf/4.7.3/include -O3  -m64 -cpp -mcmodel=large -DUSE_NCF -lnetcdff -DETA -g -fopenmp -march=native -mtune=native   initialise_mod.f90
gfortran -c -I/apps/hdf5/1.12.2/include -I/apps/eccodes/2.34.1/include -I/apps/netcdf/4.7.3/include -O3  -m64 -cpp -mcmodel=large -DUSE_NCF -lnetcdff -DETA -g -fopenmp -march=native -mtune=native   initdomain_mod.f90
gfortran -c -I/apps/hdf5/1.12.2/include -I/apps/eccodes/2.34.1/include -I/apps/netcdf/4.7.3/include -O3  -m64 -cpp -mcmodel=large -DUSE_NCF -lnetcdff -DETA -g -fopenmp -march=native -mtune=native   timemanager_mod.f90
gfortran -c -I/apps/hdf5/1.12.2/include -I/apps/eccodes/2.34.1/include -I/apps/netcdf/4.7.3/include -O3  -m64 -cpp -mcmodel=large -DUSE_NCF -lnetcdff -DETA -g -fopenmp -march=native -mtune=native   FLEXPART.f90
gfortran -o FLEXPART_ETA advance_mod.o 		binary_output_mod.o cbl_mod.o 		cmapf_mod.o com_mod.o 		conv_mod.o class_gribfile_mod.o date_mod.o 		drydepo_mod.o erf_mod.o 		flux_mod.o getfields_mod.o 	initialise_mod.o interpol_mod.o 		mean_mod.o outgrid_mod.o output_mod.o 		par_mod.o particle_mod.o 		pbl_profile_mod.o plume_mod.o 		point_mod.o random_mod.o 		readoptions_mod.o restart_mod.o 		settling_mod.o sort_mod.o timemanager_mod.o 	turbulence_mod.o txt_output_mod.o 	unc_mod.o verttransform_mod.o 	wetdepo_mod.o windfields_mod.o 	qvsat_mod.o xmass_mod.o		receptor_mod.o  FLEXPART.o netcdf_output_mod.o	chemistry_mod.o totals_mod.o		initdomain_mod.o receptor_netcdf_mod.o	emissions_mod.o  coord_ecmwf_mod.o  -I/apps/hdf5/1.12.2/include -I/apps/eccodes/2.34.1/include -I/apps/netcdf/4.7.3/include -O3  -m64 -cpp -mcmodel=large -DUSE_NCF -lnetcdff -DETA -g -fopenmp -march=native -mtune=native   -L/apps/gcc/14.2.0/lib/gcc/x86_64-pc-linux-gnu/14.2.0 -L/apps/gcc/14.2.0/lib64 -L/apps/hdf5/1.12.2/lib -L/apps/eccodes/2.34.1/lib64 -L/apps/netcdf/4.7.3/lib -Wl,-rpath=/apps/gcc/14.2.0/lib/gcc/x86_64-pc-linux-gnu/14.2.0 -Wl,-rpath=/apps/gcc/14.2.0/lib64 -Wl,-rpath=/apps/hdf5/1.12.2/lib -Wl,-rpath=/apps/eccodes/2.34.1/lib64 -Wl,-rpath=/apps/netcdf/4.7.3/lib -leccodes -leccodes_f90 -lm -DUSE_NCF -lnetcdff -DETA  
